created graph G

added node n1 to G

G contains: n1

added node n2 to G

G contains: n1 n2