# Path doesn't exist

created graph g

added node A to g
added node B to g

path from A to B:
total cost: 0.000